<?xml version="1.0" encoding="UTF-8"?>
<testsuites name="Mocha Tests" time="0.027" tests="5" failures="0">
  <testsuite name="Root Suite" timestamp="2022-11-01T06:23:23" tests="0" time="0.000" failures="0">
  </testsuite>
  <testsuite name="Users" timestamp="2022-11-01T06:23:23" tests="5" file="D:\AayshaSWQA\New-API-Mocha-Project\test\Task.js" time="0.026" failures="0">
    <testcase name="Users Get/user" time="0.020" classname="Get/user">
    </testcase>
    <testcase name="Users GET/users/id" time="0.001" classname="GET/users/id">
    </testcase>
    <testcase name="Users POST/users" time="0.001" classname="POST/users">
    </testcase>
    <testcase name="Users PUT/users/:id" time="0.001" classname="PUT/users/:id">
    </testcase>
    <testcase name="Users DELETE/users/:id" time="0.001" classname="DELETE/users/:id">
    </testcase>
  </testsuite>
</testsuites>